[08:04:2026]-[08:40:19]_maya_RUNNING
[08:04:2026]-[08:40:19]_secret_SUCCESS
[08:04:2026]-[08:40:19]_surprise_SUCCESS
[08:04:2026]-[08:40:29]_secret_SUCCESS
[08:04:2026]-[08:40:29]_surprise_SUCCESS
[08:04:2026]-[08:40:39]_secret_SUCCESS
[08:04:2026]-[08:40:39]_surprise_SUCCESS
[08:04:2026]-[08:40:49]_secret_SUCCESS
[08:04:2026]-[08:40:49]_surprise_SUCCESS
[08:04:2026]-[08:40:59]_secret_SUCCESS
[08:04:2026]-[08:40:59]_surprise_SUCCESS
[08:04:2026]-[08:41:06]_decrypt_SUCCESS
[08:04:2026]-[08:41:09]_secret_SUCCESS
[08:04:2026]-[08:41:09]_surprise_SUCCESS
[08:04:2026]-[08:41:19]_secret_SUCCESS
[08:04:2026]-[08:41:19]_surprise_SUCCESS
[08:04:2026]-[08:41:21]_kill_SUCCESS
[08:04:2026]-[08:41:29]_secret_SUCCESS
[08:04:2026]-[08:41:29]_surprise_SUCCESS
[08:04:2026]-[08:41:39]_secret_SUCCESS
[08:04:2026]-[08:41:39]_surprise_SUCCESS
[08:04:2026]-[08:41:49]_secret_SUCCESS
[08:04:2026]-[08:41:49]_surprise_SUCCESS
[08:04:2026]-[08:41:59]_secret_SUCCESS
[08:04:2026]-[08:41:59]_surprise_SUCCESS
[08:04:2026]-[08:42:09]_secret_SUCCESS
[08:04:2026]-[08:42:09]_surprise_SUCCESS
[08:04:2026]-[08:42:19]_secret_SUCCESS
[08:04:2026]-[08:42:19]_surprise_SUCCESS
[08:04:2026]-[08:42:29]_secret_SUCCESS
[08:04:2026]-[08:42:29]_surprise_SUCCESS
[08:04:2026]-[08:42:39]_secret_SUCCESS
[08:04:2026]-[08:42:39]_surprise_SUCCESS
[08:04:2026]-[08:42:49]_secret_SUCCESS
[08:04:2026]-[08:42:49]_surprise_SUCCESS
[08:04:2026]-[08:42:59]_secret_SUCCESS
[08:04:2026]-[08:42:59]_surprise_SUCCESS
[08:04:2026]-[08:43:09]_secret_SUCCESS
[08:04:2026]-[08:43:09]_surprise_SUCCESS
[08:04:2026]-[08:43:19]_secret_SUCCESS
[08:04:2026]-[08:43:19]_surprise_SUCCESS
[08:04:2026]-[08:43:29]_secret_SUCCESS
[08:04:2026]-[08:43:29]_surprise_SUCCESS
[08:04:2026]-[08:43:39]_secret_SUCCESS
[08:04:2026]-[08:43:39]_surprise_SUCCESS
[08:04:2026]-[08:43:49]_secret_SUCCESS
[08:04:2026]-[08:43:49]_surprise_SUCCESS
[08:04:2026]-[08:43:59]_secret_SUCCESS
[08:04:2026]-[08:43:59]_surprise_SUCCESS
[08:04:2026]-[08:44:09]_secret_SUCCESS
[08:04:2026]-[08:44:09]_surprise_SUCCESS
[08:04:2026]-[08:44:19]_secret_SUCCESS
[08:04:2026]-[08:44:19]_surprise_SUCCESS
[08:04:2026]-[08:44:29]_secret_SUCCESS
[08:04:2026]-[08:44:29]_surprise_SUCCESS
[08:04:2026]-[08:44:39]_secret_SUCCESS
[08:04:2026]-[08:44:39]_surprise_SUCCESS
[08:04:2026]-[08:44:49]_secret_SUCCESS
[08:04:2026]-[08:44:49]_surprise_SUCCESS
[08:04:2026]-[08:44:59]_secret_SUCCESS
[08:04:2026]-[08:44:59]_surprise_SUCCESS
[08:04:2026]-[08:45:09]_secret_SUCCESS
[08:04:2026]-[08:45:09]_surprise_SUCCESS
[08:04:2026]-[08:45:19]_secret_SUCCESS
[08:04:2026]-[08:45:19]_surprise_SUCCESS
[08:04:2026]-[08:45:29]_secret_SUCCESS
[08:04:2026]-[08:45:29]_surprise_SUCCESS
[08:04:2026]-[08:45:39]_secret_SUCCESS
[08:04:2026]-[08:45:39]_surprise_SUCCESS
[08:04:2026]-[08:45:49]_secret_SUCCESS
[08:04:2026]-[08:45:49]_surprise_SUCCESS
[08:04:2026]-[08:45:59]_secret_SUCCESS
[08:04:2026]-[08:45:59]_surprise_SUCCESS
